---
source: external-crates/move/crates/move-transactional-test-runner/src/framework.rs
---
processed 9 tasks

init:
A: object(0,0)

task 1, lines 8-24:
//# publish
created: object(1,0)
mutated: object(0,1)
gas summary: computation_cost: 1000000, storage_cost: 4058400,  storage_rebate: 0, non_refundable_storage_fee: 0

task 2, lines 25-26:
//# programmable --sender A
//> test::m1::t1<one::coin::Coin<one::oct::OCT>>(Gas)
mutated: object(0,0)
gas summary: computation_cost: 1000000, storage_cost: 988000,  storage_rebate: 0, non_refundable_storage_fee: 0

task 3, lines 28-29:
//# programmable --sender A
//> test::m1::t2<one::coin::Coin<one::oct::OCT>>(Gas)
mutated: object(0,0)
gas summary: computation_cost: 1000000, storage_cost: 988000,  storage_rebate: 978120, non_refundable_storage_fee: 9880

task 4, lines 31-32:
//# programmable --sender A
//> test::m1::t2<one::coin::Coin<one::oct::OCT>>(Gas)
mutated: object(0,0)
gas summary: computation_cost: 1000000, storage_cost: 988000,  storage_rebate: 978120, non_refundable_storage_fee: 9880

task 5, lines 34-35:
//# programmable --sender A
//> test::m1::t4<one::coin::Coin<one::oct::OCT>>(Gas)
mutated: object(0,0)
gas summary: computation_cost: 1000000, storage_cost: 988000,  storage_rebate: 978120, non_refundable_storage_fee: 9880

task 6, lines 37-38:
//# programmable --sender A
//> test::m1::t5<one::coin::Coin<one::oct::OCT>>(Gas)
mutated: object(0,0)
gas summary: computation_cost: 1000000, storage_cost: 988000,  storage_rebate: 978120, non_refundable_storage_fee: 9880

task 7, lines 40-43:
//# programmable --sender A
//> test::m1::t6<one::coin::Coin<one::oct::OCT>>(Gas)
// can pass to merge and split
mutated: object(0,0)
gas summary: computation_cost: 1000000, storage_cost: 988000,  storage_rebate: 978120, non_refundable_storage_fee: 9880

task 8, lines 44-46:
//# programmable --sender A --inputs 10  --gas-budget 10000000000
//> 0: SplitCoins(Gas, [Input(0)]);
//> MergeCoins(Gas, [Result(0)])
mutated: object(0,0)
gas summary: computation_cost: 1000000, storage_cost: 988000,  storage_rebate: 978120, non_refundable_storage_fee: 9880
