---
source: crates/sui/tests/ptb_files_tests.rs
expression: "results.join(\"\\n\")"
---
 === PREVIEW === 
╭──────────────────────────────────────────────────────────╮
│ PTB Preview                                              │
├───────────────┬──────────────────────────────────────────┤
│ command       │ values                                   │
├───────────────┼──────────────────────────────────────────┤
│ assign        │ s @0x1                                   │
│ move-call     │ one::coin::destroy_zero<one::oct::OCT> s │
│ assign        │ s @0x2                                   │
│ make-move-vec │ <address> [s]                            │
╰───────────────┴──────────────────────────────────────────╯
 === BUILT PTB === 
Input 0: ImmutableOrOwnedObject
Input 1: Pure([0, 0, 0, 0, 0, 0, 0, 0, 0, 0, 0, 0, 0, 0, 0, 0, 0, 0, 0, 0, 0, 0, 0, 0, 0, 0, 0, 0, 0, 0, 0, 2])
Command 0: MoveCall(0x0000000000000000000000000000000000000000000000000000000000000002::coin::destroy_zero<0x2::oct::OCT>(Input(0)))
Command 1: MakeMoveVec(Someaddress,[Input(1)])
