---
source: external-crates/move/crates/move-transactional-test-runner/src/framework.rs
---
processed 16 tasks

init:
A: object(0,0)

task 1, lines 9-56:
//# publish --sender A
created: object(1,0), object(1,1), object(1,2), object(1,3), object(1,4), object(1,5), object(1,6), object(1,7), object(1,8), object(1,9), object(1,10)
mutated: object(0,0)
unchanged_shared: 0x0000000000000000000000000000000000000000000000000000000000000403
gas summary: computation_cost: 1000000, storage_cost: 33082800,  storage_rebate: 0, non_refundable_storage_fee: 0

task 2, line 58:
//# view-object 1,0
1,0::{first_coin, second_coin}

task 3, line 60:
//# view-object 1,1
Owner: Account Address ( A )
Version: 2
Contents: one::coin::Coin<test::first_coin::FIRST_COIN> {
    id: one::object::UID {
        id: one::object::ID {
            bytes: fake(1,1),
        },
    },
    balance: one::balance::Balance<test::first_coin::FIRST_COIN> {
        value: 10000u64,
    },
}

task 4, line 62:
//# view-object 1,2
Owner: Account Address ( A )
Version: 2
Contents: one::coin::Coin<test::second_coin::SECOND_COIN> {
    id: one::object::UID {
        id: one::object::ID {
            bytes: fake(1,2),
        },
    },
    balance: one::balance::Balance<test::second_coin::SECOND_COIN> {
        value: 10000u64,
    },
}

task 5, line 64:
//# view-object 1,3
Owner: Immutable
Version: 2
Contents: one::coin::CoinMetadata<test::first_coin::FIRST_COIN> {
    id: one::object::UID {
        id: one::object::ID {
            bytes: fake(1,3),
        },
    },
    decimals: 9u8,
    name: std::string::String {
        bytes: vector[
            82u8,
            69u8,
            71u8,
            85u8,
            76u8,
            65u8,
            84u8,
            69u8,
            68u8,
            95u8,
            67u8,
            79u8,
            73u8,
            78u8,
        ],
    },
    symbol: std::ascii::String {
        bytes: vector[
            82u8,
            67u8,
        ],
    },
    description: std::string::String {
        bytes: vector[
            65u8,
            32u8,
            110u8,
            101u8,
            119u8,
            32u8,
            114u8,
            101u8,
            103u8,
            117u8,
            108u8,
            97u8,
            116u8,
            101u8,
            100u8,
            32u8,
            99u8,
            111u8,
            105u8,
            110u8,
        ],
    },
    icon_url: std::option::Option<one::url::Url> {
        vec: vector[],
    },
}

task 6, line 66:
//# view-object 1,4
Owner: Immutable
Version: 2
Contents: one::coin::CoinMetadata<test::second_coin::SECOND_COIN> {
    id: one::object::UID {
        id: one::object::ID {
            bytes: fake(1,4),
        },
    },
    decimals: 9u8,
    name: std::string::String {
        bytes: vector[
            82u8,
            69u8,
            71u8,
            85u8,
            76u8,
            65u8,
            84u8,
            69u8,
            68u8,
            95u8,
            67u8,
            79u8,
            73u8,
            78u8,
        ],
    },
    symbol: std::ascii::String {
        bytes: vector[
            82u8,
            67u8,
        ],
    },
    description: std::string::String {
        bytes: vector[
            65u8,
            32u8,
            110u8,
            101u8,
            119u8,
            32u8,
            114u8,
            101u8,
            103u8,
            117u8,
            108u8,
            97u8,
            116u8,
            101u8,
            100u8,
            32u8,
            99u8,
            111u8,
            105u8,
            110u8,
        ],
    },
    icon_url: std::option::Option<one::url::Url> {
        vec: vector[],
    },
}

task 7, line 68:
//# view-object 1,5
Owner: Account Address ( A )
Version: 2
Contents: one::coin::DenyCap<test::first_coin::FIRST_COIN> {
    id: one::object::UID {
        id: one::object::ID {
            bytes: fake(1,5),
        },
    },
}

task 8, line 70:
//# view-object 1,6
Owner: Account Address ( A )
Version: 2
Contents: one::coin::DenyCap<test::second_coin::SECOND_COIN> {
    id: one::object::UID {
        id: one::object::ID {
            bytes: fake(1,6),
        },
    },
}

task 9, line 72:
//# view-object 1,7
Owner: Immutable
Version: 2
Contents: one::coin::RegulatedCoinMetadata<test::first_coin::FIRST_COIN> {
    id: one::object::UID {
        id: one::object::ID {
            bytes: fake(1,7),
        },
    },
    coin_metadata_object: one::object::ID {
        bytes: fake(1,3),
    },
    deny_cap_object: one::object::ID {
        bytes: fake(1,5),
    },
}

task 10, line 74:
//# view-object 1,8
Owner: Immutable
Version: 2
Contents: one::coin::RegulatedCoinMetadata<test::second_coin::SECOND_COIN> {
    id: one::object::UID {
        id: one::object::ID {
            bytes: fake(1,8),
        },
    },
    coin_metadata_object: one::object::ID {
        bytes: fake(1,4),
    },
    deny_cap_object: one::object::ID {
        bytes: fake(1,6),
    },
}

task 11, line 76:
//# view-object 1,9
Owner: Immutable
Version: 2
Contents: one::coin::TreasuryCap<test::first_coin::FIRST_COIN> {
    id: one::object::UID {
        id: one::object::ID {
            bytes: fake(1,9),
        },
    },
    total_supply: one::balance::Supply<test::first_coin::FIRST_COIN> {
        value: 10000u64,
    },
}

task 12, lines 78-80:
//# view-object 1,10
Owner: Immutable
Version: 2
Contents: one::coin::TreasuryCap<test::second_coin::SECOND_COIN> {
    id: one::object::UID {
        id: one::object::ID {
            bytes: fake(1,10),
        },
    },
    total_supply: one::balance::Supply<test::second_coin::SECOND_COIN> {
        value: 10000u64,
    },
}

task 13, lines 81-83:
//# run one::coin::deny_list_add --args object(0x403) object(1,5) @A --type-args test::first_coin::FIRST_COIN --sender A
created: object(13,0), object(13,1)
mutated: object(_), 0x0000000000000000000000000000000000000000000000000000000000000403, object(0,0), object(1,5)
gas summary: computation_cost: 1000000, storage_cost: 11293600,  storage_rebate: 2663496, non_refundable_storage_fee: 26904

task 14, lines 84-86:
//# transfer-object 1,1 --sender A --recipient A
Error: Error checking transaction input objects: AddressDeniedForCoin { address: @A, coin_type: "object(1,0)::first_coin::FIRST_COIN" }

task 15, line 87:
//# transfer-object 1,2 --sender A --recipient A
mutated: object(0,0), object(1,2)
unchanged_shared: 0x0000000000000000000000000000000000000000000000000000000000000403
gas summary: computation_cost: 1000000, storage_cost: 2416800,  storage_rebate: 2392632, non_refundable_storage_fee: 24168
