---
source: crates/sui-display/src/v2/parser.rs
expression: "strands(r#\"{\n                0x1::option::Option<0x2::coin::Coin<0x2::oct::OCT>>::Some#1(\n                    0x2::coin::Coin<0x2::oct::OCT> {\n                        balance: 100u64\n                    }\n                )\n            }\"#,)"
---
{ 0x0000000000000000000000000000000000000000000000000000000000000001::option::Option<0x0000000000000000000000000000000000000000000000000000000000000002::coin::Coin<0x0000000000000000000000000000000000000000000000000000000000000002::oct::OCT>>::Some#1(
      0x0000000000000000000000000000000000000000000000000000000000000002::coin::Coin<0x0000000000000000000000000000000000000000000000000000000000000002::oct::OCT> {
          balance: 100u64,
      },
  )
}
